2026-02-11 14:52:50,436 [trainer.py] => config: ./exps/sdlora_ina.json
2026-02-11 14:52:50,436 [trainer.py] => seed: 1993
2026-02-11 14:52:50,436 [trainer.py] => prefix: reproduce
2026-02-11 14:52:50,436 [trainer.py] => dataset: imageneta
2026-02-11 14:52:50,436 [trainer.py] => memory_size: 0
2026-02-11 14:52:50,436 [trainer.py] => memory_per_class: 0
2026-02-11 14:52:50,436 [trainer.py] => fixed_memory: False
2026-02-11 14:52:50,436 [trainer.py] => shuffle: True
2026-02-11 14:52:50,436 [trainer.py] => init_cls: 20
2026-02-11 14:52:50,436 [trainer.py] => increment: 20
2026-02-11 14:52:50,436 [trainer.py] => model_name: sdlora
2026-02-11 14:52:50,436 [trainer.py] => backbone_type: vit_base_patch16_224
2026-02-11 14:52:50,436 [trainer.py] => device: [device(type='cuda', index=0)]
2026-02-11 14:52:50,436 [trainer.py] => optimizer: adam
2026-02-11 14:52:50,436 [trainer.py] => scheduler: constant
2026-02-11 14:52:50,436 [trainer.py] => filepath: ./ImageNetA/
2026-02-11 14:52:50,436 [trainer.py] => init_epoch: 20
2026-02-11 14:52:50,436 [trainer.py] => init_lr: 0.01
2026-02-11 14:52:50,436 [trainer.py] => init_milestones: [10, 15]
2026-02-11 14:52:50,436 [trainer.py] => init_lr_decay: 0.05
2026-02-11 14:52:50,436 [trainer.py] => init_weight_decay: 0.0005
2026-02-11 14:52:50,437 [trainer.py] => epochs: 20
2026-02-11 14:52:50,437 [trainer.py] => lrate: 0.005
2026-02-11 14:52:50,437 [trainer.py] => milestones: [10, 15]
2026-02-11 14:52:50,437 [trainer.py] => lrate_decay: 0.05
2026-02-11 14:52:50,437 [trainer.py] => batch_size: 128
2026-02-11 14:52:50,437 [trainer.py] => weight_decay: 0.0005
2026-02-11 14:52:50,456 [data_manager.py] => [168, 136, 51, 9, 183, 101, 171, 99, 42, 159, 191, 70, 16, 188, 27, 10, 175, 26, 68, 187, 98, 6, 85, 35, 112, 43, 100, 0, 103, 181, 88, 59, 4, 2, 116, 174, 94, 80, 106, 1, 147, 17, 141, 131, 72, 23, 173, 54, 197, 118, 87, 32, 79, 104, 91, 19, 135, 107, 178, 36, 11, 199, 142, 8, 122, 3, 28, 57, 153, 172, 190, 56, 49, 44, 97, 62, 151, 169, 194, 55, 192, 12, 189, 78, 66, 180, 15, 137, 109, 134, 92, 119, 126, 52, 170, 40, 148, 65, 144, 64, 138, 45, 77, 89, 154, 90, 71, 193, 74, 30, 113, 143, 96, 84, 67, 50, 186, 156, 69, 21, 18, 111, 108, 58, 125, 157, 150, 110, 182, 129, 166, 83, 81, 60, 13, 165, 14, 176, 63, 117, 5, 22, 145, 121, 38, 41, 82, 127, 114, 20, 31, 53, 37, 163, 196, 130, 152, 162, 86, 76, 24, 34, 184, 149, 33, 128, 198, 155, 146, 167, 139, 120, 140, 102, 47, 25, 158, 123, 46, 164, 61, 7, 115, 75, 133, 160, 105, 132, 179, 124, 48, 73, 93, 39, 95, 195, 29, 177, 185, 161]
2026-02-11 14:52:51,941 [_builder.py] => Loading pretrained weights from Hugging Face hub (timm/vit_base_patch16_224.augreg2_in21k_ft_in1k)
2026-02-11 14:52:55,214 [_hub.py] => [timm/vit_base_patch16_224.augreg2_in21k_ft_in1k] Safe alternative available for 'pytorch_model.bin' (as 'model.safetensors'). Loading weights using safetensors.
2026-02-11 14:53:58,405 [trainer.py] => All params: 171965973
2026-02-11 14:53:58,406 [trainer.py] => Trainable params: 368661
2026-02-11 14:53:58,407 [sdlora.py] => Learning on 0-20
2026-02-11 14:55:22,950 [sdlora.py] => Task 0, Epoch 20/20 => Loss 0.319, Train_accy 90.64
2026-02-11 14:55:23,997 [sdlora.py] => Saved task checkpoint to: ./ImageNetA/ckpt_task_0.pt
2026-02-11 14:55:25,401 [trainer.py] => No NME accuracy.
2026-02-11 14:55:25,401 [trainer.py] => CNN: {'total': np.float64(78.86), '00-19': np.float64(78.86), 'old': 0, 'new': np.float64(78.86)}
2026-02-11 14:55:25,402 [trainer.py] => CNN top1 curve: [np.float64(78.86)]
2026-02-11 14:55:25,402 [trainer.py] => CNN top5 curve: [np.float64(97.71)]

2026-02-11 14:55:25,402 [trainer.py] => Average Accuracy (CNN): 78.86 

2026-02-11 14:55:25,406 [trainer.py] => All params: 171981353
2026-02-11 14:55:25,409 [trainer.py] => Trainable params: 384041
2026-02-11 14:55:25,411 [sdlora.py] => Learning on 20-40
2026-02-11 14:55:26,292 [_builder.py] => Loading pretrained weights from Hugging Face hub (timm/vit_base_patch16_224.augreg2_in21k_ft_in1k)
2026-02-11 14:55:26,601 [_hub.py] => [timm/vit_base_patch16_224.augreg2_in21k_ft_in1k] Safe alternative available for 'pytorch_model.bin' (as 'model.safetensors'). Loading weights using safetensors.
2026-02-11 14:56:58,515 [sdlora.py] => Task 1, Epoch 20/20 => Loss 0.501, Train_accy 72.72
2026-02-11 14:56:59,550 [sdlora.py] => Saved task checkpoint to: ./ImageNetA/ckpt_task_1.pt
2026-02-11 14:57:01,053 [trainer.py] => No NME accuracy.
2026-02-11 14:57:01,054 [trainer.py] => CNN: {'total': np.float64(75.83), '00-19': np.float64(78.86), '20-39': np.float64(72.97), 'old': np.float64(78.86), 'new': np.float64(72.97)}
2026-02-11 14:57:01,054 [trainer.py] => CNN top1 curve: [np.float64(78.86), np.float64(75.83)]
2026-02-11 14:57:01,054 [trainer.py] => CNN top5 curve: [np.float64(97.71), np.float64(95.0)]

2026-02-11 14:57:01,054 [trainer.py] => Average Accuracy (CNN): 77.345 

2026-02-11 14:57:01,059 [trainer.py] => All params: 171996733
2026-02-11 14:57:01,062 [trainer.py] => Trainable params: 399421
2026-02-11 14:57:01,064 [sdlora.py] => Learning on 40-60
2026-02-11 14:57:01,883 [_builder.py] => Loading pretrained weights from Hugging Face hub (timm/vit_base_patch16_224.augreg2_in21k_ft_in1k)
2026-02-11 14:57:07,800 [_hub.py] => [timm/vit_base_patch16_224.augreg2_in21k_ft_in1k] Safe alternative available for 'pytorch_model.bin' (as 'model.safetensors'). Loading weights using safetensors.
2026-02-11 14:58:37,883 [sdlora.py] => Task 2, Epoch 20/20 => Loss 0.387, Train_accy 70.84
2026-02-11 14:58:38,936 [sdlora.py] => Saved task checkpoint to: ./ImageNetA/ckpt_task_2.pt
2026-02-11 14:58:41,167 [trainer.py] => No NME accuracy.
2026-02-11 14:58:41,167 [trainer.py] => CNN: {'total': np.float64(74.37), '00-19': np.float64(79.43), '20-39': np.float64(74.05), '40-59': np.float64(67.24), 'old': np.float64(76.67), 'new': np.float64(67.24)}
2026-02-11 14:58:41,167 [trainer.py] => CNN top1 curve: [np.float64(78.86), np.float64(75.83), np.float64(74.37)]
2026-02-11 14:58:41,167 [trainer.py] => CNN top5 curve: [np.float64(97.71), np.float64(95.0), np.float64(90.76)]

2026-02-11 14:58:41,168 [trainer.py] => Average Accuracy (CNN): 76.35333333333334 

2026-02-11 14:58:41,171 [trainer.py] => All params: 172012113
2026-02-11 14:58:41,172 [trainer.py] => Trainable params: 414801
2026-02-11 14:58:41,173 [sdlora.py] => Learning on 60-80
2026-02-11 14:58:42,077 [_builder.py] => Loading pretrained weights from Hugging Face hub (timm/vit_base_patch16_224.augreg2_in21k_ft_in1k)
2026-02-11 14:58:42,384 [_hub.py] => [timm/vit_base_patch16_224.augreg2_in21k_ft_in1k] Safe alternative available for 'pytorch_model.bin' (as 'model.safetensors'). Loading weights using safetensors.
2026-02-11 15:00:27,652 [sdlora.py] => Task 3, Epoch 20/20 => Loss 0.460, Train_accy 57.53
2026-02-11 15:00:28,637 [sdlora.py] => Saved task checkpoint to: ./ImageNetA/ckpt_task_3.pt
2026-02-11 15:00:30,768 [trainer.py] => No NME accuracy.
2026-02-11 15:00:30,769 [trainer.py] => CNN: {'total': np.float64(69.48), '00-19': np.float64(76.0), '20-39': np.float64(71.89), '40-59': np.float64(68.97), '60-79': np.float64(62.61), 'old': np.float64(72.69), 'new': np.float64(62.61)}
2026-02-11 15:00:30,769 [trainer.py] => CNN top1 curve: [np.float64(78.86), np.float64(75.83), np.float64(74.37), np.float64(69.48)]
2026-02-11 15:00:30,769 [trainer.py] => CNN top5 curve: [np.float64(97.71), np.float64(95.0), np.float64(90.76), np.float64(89.26)]

2026-02-11 15:00:30,769 [trainer.py] => Average Accuracy (CNN): 74.635 

2026-02-11 15:00:30,774 [trainer.py] => All params: 172027493
2026-02-11 15:00:30,777 [trainer.py] => Trainable params: 430181
2026-02-11 15:00:30,780 [sdlora.py] => Learning on 80-100
2026-02-11 15:00:31,597 [_builder.py] => Loading pretrained weights from Hugging Face hub (timm/vit_base_patch16_224.augreg2_in21k_ft_in1k)
2026-02-11 15:00:32,936 [_hub.py] => [timm/vit_base_patch16_224.augreg2_in21k_ft_in1k] Safe alternative available for 'pytorch_model.bin' (as 'model.safetensors'). Loading weights using safetensors.
2026-02-11 15:02:12,735 [sdlora.py] => Task 4, Epoch 20/20 => Loss 0.387, Train_accy 70.23
2026-02-11 15:02:13,740 [sdlora.py] => Saved task checkpoint to: ./ImageNetA/ckpt_task_4.pt
2026-02-11 15:02:16,347 [trainer.py] => No NME accuracy.
2026-02-11 15:02:16,347 [trainer.py] => CNN: {'total': np.float64(66.35), '00-19': np.float64(72.0), '20-39': np.float64(70.27), '40-59': np.float64(68.97), '60-79': np.float64(60.36), '80-99': np.float64(61.54), 'old': np.float64(67.34), 'new': np.float64(61.54)}
2026-02-11 15:02:16,347 [trainer.py] => CNN top1 curve: [np.float64(78.86), np.float64(75.83), np.float64(74.37), np.float64(69.48), np.float64(66.35)]
2026-02-11 15:02:16,347 [trainer.py] => CNN top5 curve: [np.float64(97.71), np.float64(95.0), np.float64(90.76), np.float64(89.26), np.float64(88.7)]

2026-02-11 15:02:16,347 [trainer.py] => Average Accuracy (CNN): 72.978 

2026-02-11 15:02:16,349 [trainer.py] => All params: 172042873
2026-02-11 15:02:16,350 [trainer.py] => Trainable params: 445561
2026-02-11 15:02:16,351 [sdlora.py] => Learning on 100-120
2026-02-11 15:02:17,217 [_builder.py] => Loading pretrained weights from Hugging Face hub (timm/vit_base_patch16_224.augreg2_in21k_ft_in1k)
2026-02-11 15:02:17,751 [_hub.py] => [timm/vit_base_patch16_224.augreg2_in21k_ft_in1k] Safe alternative available for 'pytorch_model.bin' (as 'model.safetensors'). Loading weights using safetensors.
2026-02-11 15:03:53,488 [sdlora.py] => Task 5, Epoch 20/20 => Loss 0.440, Train_accy 68.83
2026-02-11 15:03:54,489 [sdlora.py] => Saved task checkpoint to: ./ImageNetA/ckpt_task_5.pt
2026-02-11 15:03:57,396 [trainer.py] => No NME accuracy.
2026-02-11 15:03:57,396 [trainer.py] => CNN: {'total': np.float64(64.0), '00-19': np.float64(70.29), '20-39': np.float64(68.65), '40-59': np.float64(63.79), '60-79': np.float64(55.86), '80-99': np.float64(62.94), '100-119': np.float64(64.18), 'old': np.float64(63.97), 'new': np.float64(64.18)}
2026-02-11 15:03:57,397 [trainer.py] => CNN top1 curve: [np.float64(78.86), np.float64(75.83), np.float64(74.37), np.float64(69.48), np.float64(66.35), np.float64(64.0)]
2026-02-11 15:03:57,397 [trainer.py] => CNN top5 curve: [np.float64(97.71), np.float64(95.0), np.float64(90.76), np.float64(89.26), np.float64(88.7), np.float64(86.87)]

2026-02-11 15:03:57,397 [trainer.py] => Average Accuracy (CNN): 71.48166666666667 

2026-02-11 15:03:57,402 [trainer.py] => All params: 172058253
2026-02-11 15:03:57,406 [trainer.py] => Trainable params: 460941
2026-02-11 15:03:57,410 [sdlora.py] => Learning on 120-140
2026-02-11 15:03:58,311 [_builder.py] => Loading pretrained weights from Hugging Face hub (timm/vit_base_patch16_224.augreg2_in21k_ft_in1k)
2026-02-11 15:03:58,682 [_hub.py] => [timm/vit_base_patch16_224.augreg2_in21k_ft_in1k] Safe alternative available for 'pytorch_model.bin' (as 'model.safetensors'). Loading weights using safetensors.
2026-02-11 15:05:29,538 [sdlora.py] => Task 6, Epoch 20/20 => Loss 0.426, Train_accy 59.18
2026-02-11 15:05:30,591 [sdlora.py] => Saved task checkpoint to: ./ImageNetA/ckpt_task_6.pt
2026-02-11 15:05:34,021 [trainer.py] => No NME accuracy.
2026-02-11 15:05:34,021 [trainer.py] => CNN: {'total': np.float64(61.55), '00-19': np.float64(69.14), '20-39': np.float64(64.86), '40-59': np.float64(64.66), '60-79': np.float64(51.8), '80-99': np.float64(60.84), '100-119': np.float64(63.43), '120-139': np.float64(59.59), 'old': np.float64(61.85), 'new': np.float64(59.59)}
2026-02-11 15:05:34,022 [trainer.py] => CNN top1 curve: [np.float64(78.86), np.float64(75.83), np.float64(74.37), np.float64(69.48), np.float64(66.35), np.float64(64.0), np.float64(61.55)]
2026-02-11 15:05:34,022 [trainer.py] => CNN top5 curve: [np.float64(97.71), np.float64(95.0), np.float64(90.76), np.float64(89.26), np.float64(88.7), np.float64(86.87), np.float64(85.37)]

2026-02-11 15:05:34,022 [trainer.py] => Average Accuracy (CNN): 70.06285714285714 

2026-02-11 15:05:34,026 [trainer.py] => All params: 172073633
2026-02-11 15:05:34,029 [trainer.py] => Trainable params: 476321
2026-02-11 15:05:34,033 [sdlora.py] => Learning on 140-160
2026-02-11 15:05:34,909 [_builder.py] => Loading pretrained weights from Hugging Face hub (timm/vit_base_patch16_224.augreg2_in21k_ft_in1k)
2026-02-11 15:05:37,456 [_hub.py] => [timm/vit_base_patch16_224.augreg2_in21k_ft_in1k] Safe alternative available for 'pytorch_model.bin' (as 'model.safetensors'). Loading weights using safetensors.
2026-02-11 15:07:12,717 [sdlora.py] => Task 7, Epoch 20/20 => Loss 0.492, Train_accy 58.57
2026-02-11 15:07:13,790 [sdlora.py] => Saved task checkpoint to: ./ImageNetA/ckpt_task_7.pt
2026-02-11 15:07:17,647 [trainer.py] => No NME accuracy.
2026-02-11 15:07:17,647 [trainer.py] => CNN: {'total': np.float64(60.18), '00-19': np.float64(70.86), '20-39': np.float64(63.24), '40-59': np.float64(64.66), '60-79': np.float64(52.7), '80-99': np.float64(58.74), '100-119': np.float64(60.45), '120-139': np.float64(61.64), '140-159': np.float64(49.61), 'old': np.float64(61.37), 'new': np.float64(49.61)}
2026-02-11 15:07:17,647 [trainer.py] => CNN top1 curve: [np.float64(78.86), np.float64(75.83), np.float64(74.37), np.float64(69.48), np.float64(66.35), np.float64(64.0), np.float64(61.55), np.float64(60.18)]
2026-02-11 15:07:17,647 [trainer.py] => CNN top5 curve: [np.float64(97.71), np.float64(95.0), np.float64(90.76), np.float64(89.26), np.float64(88.7), np.float64(86.87), np.float64(85.37), np.float64(83.73)]

2026-02-11 15:07:17,647 [trainer.py] => Average Accuracy (CNN): 68.8275 

2026-02-11 15:07:17,649 [trainer.py] => All params: 172089013
2026-02-11 15:07:17,650 [trainer.py] => Trainable params: 491701
2026-02-11 15:07:17,651 [sdlora.py] => Learning on 160-180
2026-02-11 15:07:18,389 [_builder.py] => Loading pretrained weights from Hugging Face hub (timm/vit_base_patch16_224.augreg2_in21k_ft_in1k)
2026-02-11 15:07:21,969 [_hub.py] => [timm/vit_base_patch16_224.augreg2_in21k_ft_in1k] Safe alternative available for 'pytorch_model.bin' (as 'model.safetensors'). Loading weights using safetensors.
2026-02-11 15:09:07,757 [sdlora.py] => Task 8, Epoch 20/20 => Loss 0.541, Train_accy 48.51
2026-02-11 15:09:08,734 [sdlora.py] => Saved task checkpoint to: ./ImageNetA/ckpt_task_8.pt
2026-02-11 15:09:13,155 [trainer.py] => No NME accuracy.
2026-02-11 15:09:13,156 [trainer.py] => CNN: {'total': np.float64(57.78), '00-19': np.float64(67.43), '20-39': np.float64(60.0), '40-59': np.float64(61.21), '60-79': np.float64(51.8), '80-99': np.float64(59.44), '100-119': np.float64(62.69), '120-139': np.float64(58.9), '140-159': np.float64(50.39), '160-179': np.float64(48.98), 'old': np.float64(58.81), 'new': np.float64(48.98)}
2026-02-11 15:09:13,156 [trainer.py] => CNN top1 curve: [np.float64(78.86), np.float64(75.83), np.float64(74.37), np.float64(69.48), np.float64(66.35), np.float64(64.0), np.float64(61.55), np.float64(60.18), np.float64(57.78)]
2026-02-11 15:09:13,156 [trainer.py] => CNN top5 curve: [np.float64(97.71), np.float64(95.0), np.float64(90.76), np.float64(89.26), np.float64(88.7), np.float64(86.87), np.float64(85.37), np.float64(83.73), np.float64(82.22)]

2026-02-11 15:09:13,156 [trainer.py] => Average Accuracy (CNN): 67.6 

2026-02-11 15:09:13,161 [trainer.py] => All params: 172104393
2026-02-11 15:09:13,164 [trainer.py] => Trainable params: 507081
2026-02-11 15:09:13,168 [sdlora.py] => Learning on 180-200
2026-02-11 15:09:14,075 [_builder.py] => Loading pretrained weights from Hugging Face hub (timm/vit_base_patch16_224.augreg2_in21k_ft_in1k)
2026-02-11 15:09:14,343 [_hub.py] => [timm/vit_base_patch16_224.augreg2_in21k_ft_in1k] Safe alternative available for 'pytorch_model.bin' (as 'model.safetensors'). Loading weights using safetensors.
2026-02-11 15:11:02,057 [sdlora.py] => Task 9, Epoch 20/20 => Loss 0.428, Train_accy 60.34
2026-02-11 15:11:03,036 [sdlora.py] => Saved task checkpoint to: ./ImageNetA/ckpt_task_9.pt
2026-02-11 15:11:07,939 [trainer.py] => No NME accuracy.
2026-02-11 15:11:07,939 [trainer.py] => CNN: {'total': np.float64(57.01), '00-19': np.float64(65.14), '20-39': np.float64(58.92), '40-59': np.float64(61.21), '60-79': np.float64(51.35), '80-99': np.float64(62.94), '100-119': np.float64(61.19), '120-139': np.float64(56.85), '140-159': np.float64(50.39), '160-179': np.float64(48.98), '180-199': np.float64(54.03), 'old': np.float64(57.28), 'new': np.float64(54.03)}
2026-02-11 15:11:07,939 [trainer.py] => CNN top1 curve: [np.float64(78.86), np.float64(75.83), np.float64(74.37), np.float64(69.48), np.float64(66.35), np.float64(64.0), np.float64(61.55), np.float64(60.18), np.float64(57.78), np.float64(57.01)]
2026-02-11 15:11:07,940 [trainer.py] => CNN top5 curve: [np.float64(97.71), np.float64(95.0), np.float64(90.76), np.float64(89.26), np.float64(88.7), np.float64(86.87), np.float64(85.37), np.float64(83.73), np.float64(82.22), np.float64(81.11)]

2026-02-11 15:11:07,940 [trainer.py] => Average Accuracy (CNN): 66.541 

2026-02-11 15:11:07,942 [trainer.py] => Forgetting (CNN): 10.047777777777778
