2026-02-11 11:36:35,627 [trainer.py] => config: ./exps/sdlora_ca_inr.json
2026-02-11 11:36:35,627 [trainer.py] => seed: 1995
2026-02-11 11:36:35,627 [trainer.py] => prefix: reproduce
2026-02-11 11:36:35,627 [trainer.py] => dataset: imagenetr
2026-02-11 11:36:35,628 [trainer.py] => memory_size: 0
2026-02-11 11:36:35,628 [trainer.py] => memory_per_class: 0
2026-02-11 11:36:35,628 [trainer.py] => fixed_memory: False
2026-02-11 11:36:35,628 [trainer.py] => shuffle: True
2026-02-11 11:36:35,628 [trainer.py] => init_cls: 20
2026-02-11 11:36:35,628 [trainer.py] => increment: 20
2026-02-11 11:36:35,628 [trainer.py] => model_name: sdlora_ca
2026-02-11 11:36:35,628 [trainer.py] => backbone_type: vit_base_patch16_224
2026-02-11 11:36:35,628 [trainer.py] => device: [device(type='cuda', index=0)]
2026-02-11 11:36:35,628 [trainer.py] => optimizer: adam
2026-02-11 11:36:35,628 [trainer.py] => scheduler: constant
2026-02-11 11:36:35,628 [trainer.py] => filepath: ./checkpoints/ImageNetR3_CA/
2026-02-11 11:36:35,628 [trainer.py] => init_epoch: 20
2026-02-11 11:36:35,628 [trainer.py] => init_lr: 0.01
2026-02-11 11:36:35,628 [trainer.py] => init_milestones: [10000]
2026-02-11 11:36:35,628 [trainer.py] => init_lr_decay: 0
2026-02-11 11:36:35,628 [trainer.py] => init_weight_decay: 0.0005
2026-02-11 11:36:35,628 [trainer.py] => epochs: 20
2026-02-11 11:36:35,628 [trainer.py] => lrate: 0.01
2026-02-11 11:36:35,628 [trainer.py] => milestones: [10000]
2026-02-11 11:36:35,628 [trainer.py] => lrate_decay: 0
2026-02-11 11:36:35,628 [trainer.py] => batch_size: 128
2026-02-11 11:36:35,628 [trainer.py] => weight_decay: 0.0002
2026-02-11 11:36:35,628 [trainer.py] => ca_epochs: 5
2026-02-11 11:36:35,628 [trainer.py] => ca_lr: 0.01
2026-02-11 11:36:35,628 [trainer.py] => ca_num_samples: 256
2026-02-11 11:36:35,628 [trainer.py] => logit_norm: 0.1
2026-02-11 11:36:35,681 [data_manager.py] => [146, 198, 169, 126, 142, 183, 108, 86, 79, 35, 112, 29, 0, 2, 59, 178, 143, 31, 147, 33, 123, 114, 194, 54, 138, 75, 158, 26, 131, 141, 180, 132, 22, 49, 116, 111, 24, 98, 107, 89, 151, 83, 185, 15, 27, 136, 65, 1, 82, 87, 99, 153, 47, 144, 145, 175, 155, 77, 191, 199, 46, 28, 76, 71, 93, 137, 5, 188, 187, 74, 103, 173, 18, 80, 88, 48, 109, 81, 91, 101, 43, 102, 61, 182, 3, 14, 40, 42, 167, 66, 57, 73, 135, 39, 45, 184, 161, 85, 148, 121, 8, 195, 21, 4, 106, 133, 118, 10, 176, 50, 36, 192, 162, 172, 96, 197, 20, 117, 140, 186, 92, 97, 44, 149, 13, 37, 170, 25, 181, 171, 23, 104, 189, 11, 159, 67, 94, 68, 55, 6, 150, 165, 120, 139, 72, 154, 115, 125, 53, 58, 16, 113, 41, 190, 174, 127, 110, 7, 38, 32, 95, 19, 196, 51, 78, 34, 122, 152, 119, 134, 129, 130, 128, 17, 30, 90, 124, 160, 100, 193, 12, 56, 64, 168, 105, 63, 177, 70, 60, 163, 9, 62, 156, 52, 84, 157, 69, 179, 166, 164]
2026-02-11 11:36:37,139 [_builder.py] => Loading pretrained weights from Hugging Face hub (timm/vit_base_patch16_224.augreg2_in21k_ft_in1k)
2026-02-11 11:36:37,646 [_hub.py] => [timm/vit_base_patch16_224.augreg2_in21k_ft_in1k] Safe alternative available for 'pytorch_model.bin' (as 'model.safetensors'). Loading weights using safetensors.
2026-02-11 11:37:39,777 [trainer.py] => All params: 171965973
2026-02-11 11:37:39,779 [trainer.py] => Trainable params: 368661
2026-02-11 11:37:39,780 [sdlora.py] => Learning on 0-20
2026-02-11 11:41:47,224 [sdlora.py] => Task 0, Epoch 20/20 => Loss 0.266, Train_accy 92.44
2026-02-11 11:41:47,825 [sdlora.py] => Saved task checkpoint to: ./checkpoints/ImageNetR3_CA/ckpt_task_0.pt
2026-02-11 11:41:47,826 [sdlora.py] => Computing class statistics for new classes [0, 20) (old classes [0, 0) use cached statistics) ...
2026-02-11 11:42:09,725 [sdlora.py] => Class statistics computed.
2026-02-11 11:42:11,747 [trainer.py] => No NME accuracy.
2026-02-11 11:42:11,747 [trainer.py] => CNN: {'total': np.float64(91.25), '00-19': np.float64(91.25), 'old': 0, 'new': np.float64(91.25)}
2026-02-11 11:42:11,747 [trainer.py] => CNN top1 curve: [np.float64(91.25)]
2026-02-11 11:42:11,747 [trainer.py] => CNN top5 curve: [np.float64(97.24)]

2026-02-11 11:42:11,748 [trainer.py] => Average Accuracy (CNN): 91.25 

2026-02-11 11:42:11,752 [trainer.py] => All params: 171981353
2026-02-11 11:42:11,755 [trainer.py] => Trainable params: 384041
2026-02-11 11:42:11,757 [sdlora.py] => Learning on 20-40
2026-02-11 11:42:12,589 [_builder.py] => Loading pretrained weights from Hugging Face hub (timm/vit_base_patch16_224.augreg2_in21k_ft_in1k)
2026-02-11 11:42:13,025 [_hub.py] => [timm/vit_base_patch16_224.augreg2_in21k_ft_in1k] Safe alternative available for 'pytorch_model.bin' (as 'model.safetensors'). Loading weights using safetensors.
2026-02-11 11:46:33,935 [sdlora.py] => Task 1, Epoch 20/20 => Loss 0.278, Train_accy 86.97
2026-02-11 11:46:34,520 [sdlora.py] => Saved task checkpoint to: ./checkpoints/ImageNetR3_CA/ckpt_task_1.pt
2026-02-11 11:46:34,567 [sdlora.py] => Computing class statistics for new classes [20, 40) (old classes [0, 20) use cached statistics) ...
2026-02-11 11:46:56,853 [sdlora.py] => Class statistics computed.
2026-02-11 11:46:56,874 [sdlora.py] => CA stage2: 5 epochs, lr=0.01, samples/cls=256, logit_norm=0.1
2026-02-11 11:46:57,745 [sdlora.py] =>   CA epoch 1/5 loss=0.0795
2026-02-11 11:46:58,242 [sdlora.py] =>   CA epoch 2/5 loss=0.0515
2026-02-11 11:46:58,718 [sdlora.py] =>   CA epoch 3/5 loss=0.0449
2026-02-11 11:46:59,185 [sdlora.py] =>   CA epoch 4/5 loss=0.0399
2026-02-11 11:46:59,619 [sdlora.py] =>   CA epoch 5/5 loss=0.0381
2026-02-11 11:46:59,621 [sdlora.py] => CA stage2 completed for task 1
2026-02-11 11:46:59,622 [sdlora.py] => Re-saved fc after CA stage2 for task 1
2026-02-11 11:47:02,945 [trainer.py] => No NME accuracy.
2026-02-11 11:47:02,946 [trainer.py] => CNN: {'total': np.float64(88.5), '00-19': np.float64(86.71), '20-39': np.float64(90.09), 'old': np.float64(86.71), 'new': np.float64(90.09)}
2026-02-11 11:47:02,946 [trainer.py] => CNN top1 curve: [np.float64(91.25), np.float64(88.5)]
2026-02-11 11:47:02,946 [trainer.py] => CNN top5 curve: [np.float64(97.24), np.float64(96.73)]

2026-02-11 11:47:02,946 [trainer.py] => Average Accuracy (CNN): 89.875 

2026-02-11 11:47:02,951 [trainer.py] => All params: 171996733
2026-02-11 11:47:02,954 [trainer.py] => Trainable params: 171996733
2026-02-11 11:47:02,957 [sdlora.py] => Learning on 40-60
2026-02-11 11:47:03,935 [_builder.py] => Loading pretrained weights from Hugging Face hub (timm/vit_base_patch16_224.augreg2_in21k_ft_in1k)
2026-02-11 11:47:04,181 [_hub.py] => [timm/vit_base_patch16_224.augreg2_in21k_ft_in1k] Safe alternative available for 'pytorch_model.bin' (as 'model.safetensors'). Loading weights using safetensors.
2026-02-11 11:51:55,372 [sdlora.py] => Task 2, Epoch 20/20 => Loss 0.246, Train_accy 86.71
2026-02-11 11:51:55,968 [sdlora.py] => Saved task checkpoint to: ./checkpoints/ImageNetR3_CA/ckpt_task_2.pt
2026-02-11 11:51:56,061 [sdlora.py] => Computing class statistics for new classes [40, 60) (old classes [0, 40) use cached statistics) ...
2026-02-11 11:52:20,500 [sdlora.py] => Class statistics computed.
2026-02-11 11:52:20,529 [sdlora.py] => CA stage2: 5 epochs, lr=0.01, samples/cls=256, logit_norm=0.1
2026-02-11 11:52:21,329 [sdlora.py] =>   CA epoch 1/5 loss=0.0714
2026-02-11 11:52:22,091 [sdlora.py] =>   CA epoch 2/5 loss=0.0565
2026-02-11 11:52:22,812 [sdlora.py] =>   CA epoch 3/5 loss=0.0473
2026-02-11 11:52:23,549 [sdlora.py] =>   CA epoch 4/5 loss=0.0435
2026-02-11 11:52:24,306 [sdlora.py] =>   CA epoch 5/5 loss=0.0438
2026-02-11 11:52:24,312 [sdlora.py] => CA stage2 completed for task 2
2026-02-11 11:52:24,316 [sdlora.py] => Re-saved fc after CA stage2 for task 2
2026-02-11 11:52:29,145 [trainer.py] => No NME accuracy.
2026-02-11 11:52:29,145 [trainer.py] => CNN: {'total': np.float64(87.14), '00-19': np.float64(85.74), '20-39': np.float64(88.07), '40-59': np.float64(87.48), 'old': np.float64(86.98), 'new': np.float64(87.48)}
2026-02-11 11:52:29,146 [trainer.py] => CNN top1 curve: [np.float64(91.25), np.float64(88.5), np.float64(87.14)]
2026-02-11 11:52:29,146 [trainer.py] => CNN top5 curve: [np.float64(97.24), np.float64(96.73), np.float64(96.48)]

2026-02-11 11:52:29,146 [trainer.py] => Average Accuracy (CNN): 88.96333333333332 

2026-02-11 11:52:29,151 [trainer.py] => All params: 172012113
2026-02-11 11:52:29,155 [trainer.py] => Trainable params: 172012113
2026-02-11 11:52:29,158 [sdlora.py] => Learning on 60-80
2026-02-11 11:52:29,978 [_builder.py] => Loading pretrained weights from Hugging Face hub (timm/vit_base_patch16_224.augreg2_in21k_ft_in1k)
2026-02-11 11:52:45,039 [_hub.py] => [timm/vit_base_patch16_224.augreg2_in21k_ft_in1k] Safe alternative available for 'pytorch_model.bin' (as 'model.safetensors'). Loading weights using safetensors.
2026-02-11 11:57:53,136 [sdlora.py] => Task 3, Epoch 20/20 => Loss 0.238, Train_accy 81.26
2026-02-11 11:57:53,690 [sdlora.py] => Saved task checkpoint to: ./checkpoints/ImageNetR3_CA/ckpt_task_3.pt
2026-02-11 11:57:53,829 [sdlora.py] => Computing class statistics for new classes [60, 80) (old classes [0, 60) use cached statistics) ...
2026-02-11 11:58:19,637 [sdlora.py] => Class statistics computed.
2026-02-11 11:58:19,665 [sdlora.py] => CA stage2: 5 epochs, lr=0.01, samples/cls=256, logit_norm=0.1
2026-02-11 11:58:20,840 [sdlora.py] =>   CA epoch 1/5 loss=0.0726
2026-02-11 11:58:21,837 [sdlora.py] =>   CA epoch 2/5 loss=0.0565
2026-02-11 11:58:22,798 [sdlora.py] =>   CA epoch 3/5 loss=0.0503
2026-02-11 11:58:23,750 [sdlora.py] =>   CA epoch 4/5 loss=0.0470
2026-02-11 11:58:24,770 [sdlora.py] =>   CA epoch 5/5 loss=0.0469
2026-02-11 11:58:24,774 [sdlora.py] => CA stage2 completed for task 3
2026-02-11 11:58:24,778 [sdlora.py] => Re-saved fc after CA stage2 for task 3
2026-02-11 11:58:31,308 [trainer.py] => No NME accuracy.
2026-02-11 11:58:31,309 [trainer.py] => CNN: {'total': np.float64(85.53), '00-19': np.float64(82.5), '20-39': np.float64(86.21), '40-59': np.float64(86.71), '60-79': np.float64(86.51), 'old': np.float64(85.2), 'new': np.float64(86.51)}
2026-02-11 11:58:31,309 [trainer.py] => CNN top1 curve: [np.float64(91.25), np.float64(88.5), np.float64(87.14), np.float64(85.53)]
2026-02-11 11:58:31,309 [trainer.py] => CNN top5 curve: [np.float64(97.24), np.float64(96.73), np.float64(96.48), np.float64(95.2)]

2026-02-11 11:58:31,309 [trainer.py] => Average Accuracy (CNN): 88.10499999999999 

2026-02-11 11:58:31,314 [trainer.py] => All params: 172027493
2026-02-11 11:58:31,318 [trainer.py] => Trainable params: 172027493
2026-02-11 11:58:31,321 [sdlora.py] => Learning on 80-100
2026-02-11 11:58:32,149 [_builder.py] => Loading pretrained weights from Hugging Face hub (timm/vit_base_patch16_224.augreg2_in21k_ft_in1k)
2026-02-11 11:58:32,627 [_hub.py] => [timm/vit_base_patch16_224.augreg2_in21k_ft_in1k] Safe alternative available for 'pytorch_model.bin' (as 'model.safetensors'). Loading weights using safetensors.
2026-02-11 12:02:23,390 [sdlora.py] => Task 4, Epoch 20/20 => Loss 0.223, Train_accy 81.91
2026-02-11 12:02:23,972 [sdlora.py] => Saved task checkpoint to: ./checkpoints/ImageNetR3_CA/ckpt_task_4.pt
2026-02-11 12:02:24,158 [sdlora.py] => Computing class statistics for new classes [80, 100) (old classes [0, 80) use cached statistics) ...
2026-02-11 12:02:45,695 [sdlora.py] => Class statistics computed.
2026-02-11 12:02:45,733 [sdlora.py] => CA stage2: 5 epochs, lr=0.01, samples/cls=256, logit_norm=0.1
2026-02-11 12:02:47,177 [sdlora.py] =>   CA epoch 1/5 loss=0.0726
2026-02-11 12:02:48,470 [sdlora.py] =>   CA epoch 2/5 loss=0.0593
2026-02-11 12:02:49,761 [sdlora.py] =>   CA epoch 3/5 loss=0.0525
2026-02-11 12:02:51,050 [sdlora.py] =>   CA epoch 4/5 loss=0.0501
2026-02-11 12:02:52,400 [sdlora.py] =>   CA epoch 5/5 loss=0.0469
2026-02-11 12:02:52,406 [sdlora.py] => CA stage2 completed for task 4
2026-02-11 12:02:52,411 [sdlora.py] => Re-saved fc after CA stage2 for task 4
2026-02-11 12:03:00,320 [trainer.py] => No NME accuracy.
2026-02-11 12:03:00,320 [trainer.py] => CNN: {'total': np.float64(84.41), '00-19': np.float64(82.66), '20-39': np.float64(84.34), '40-59': np.float64(84.23), '60-79': np.float64(85.46), '80-99': np.float64(85.75), 'old': np.float64(84.2), 'new': np.float64(85.75)}
2026-02-11 12:03:00,320 [trainer.py] => CNN top1 curve: [np.float64(91.25), np.float64(88.5), np.float64(87.14), np.float64(85.53), np.float64(84.41)]
2026-02-11 12:03:00,321 [trainer.py] => CNN top5 curve: [np.float64(97.24), np.float64(96.73), np.float64(96.48), np.float64(95.2), np.float64(94.62)]

2026-02-11 12:03:00,321 [trainer.py] => Average Accuracy (CNN): 87.36599999999999 

2026-02-11 12:03:00,326 [trainer.py] => All params: 172042873
2026-02-11 12:03:00,329 [trainer.py] => Trainable params: 172042873
2026-02-11 12:03:00,333 [sdlora.py] => Learning on 100-120
2026-02-11 12:03:01,213 [_builder.py] => Loading pretrained weights from Hugging Face hub (timm/vit_base_patch16_224.augreg2_in21k_ft_in1k)
2026-02-11 12:03:01,487 [_hub.py] => [timm/vit_base_patch16_224.augreg2_in21k_ft_in1k] Safe alternative available for 'pytorch_model.bin' (as 'model.safetensors'). Loading weights using safetensors.
2026-02-11 12:08:25,749 [sdlora.py] => Task 5, Epoch 20/20 => Loss 0.262, Train_accy 82.14
2026-02-11 12:08:26,340 [sdlora.py] => Saved task checkpoint to: ./checkpoints/ImageNetR3_CA/ckpt_task_5.pt
2026-02-11 12:08:26,578 [sdlora.py] => Computing class statistics for new classes [100, 120) (old classes [0, 100) use cached statistics) ...
2026-02-11 12:08:50,781 [sdlora.py] => Class statistics computed.
2026-02-11 12:08:50,828 [sdlora.py] => CA stage2: 5 epochs, lr=0.01, samples/cls=256, logit_norm=0.1
2026-02-11 12:08:52,528 [sdlora.py] =>   CA epoch 1/5 loss=0.0662
2026-02-11 12:08:54,062 [sdlora.py] =>   CA epoch 2/5 loss=0.0539
2026-02-11 12:08:55,551 [sdlora.py] =>   CA epoch 3/5 loss=0.0496
2026-02-11 12:08:57,147 [sdlora.py] =>   CA epoch 4/5 loss=0.0474
2026-02-11 12:08:58,681 [sdlora.py] =>   CA epoch 5/5 loss=0.0447
2026-02-11 12:08:58,687 [sdlora.py] => CA stage2 completed for task 5
2026-02-11 12:08:58,692 [sdlora.py] => Re-saved fc after CA stage2 for task 5
2026-02-11 12:09:07,433 [trainer.py] => No NME accuracy.
2026-02-11 12:09:07,434 [trainer.py] => CNN: {'total': np.float64(83.53), '00-19': np.float64(81.2), '20-39': np.float64(84.34), '40-59': np.float64(82.69), '60-79': np.float64(82.16), '80-99': np.float64(86.5), '100-119': np.float64(85.31), 'old': np.float64(83.15), 'new': np.float64(85.31)}
2026-02-11 12:09:07,434 [trainer.py] => CNN top1 curve: [np.float64(91.25), np.float64(88.5), np.float64(87.14), np.float64(85.53), np.float64(84.41), np.float64(83.53)]
2026-02-11 12:09:07,434 [trainer.py] => CNN top5 curve: [np.float64(97.24), np.float64(96.73), np.float64(96.48), np.float64(95.2), np.float64(94.62), np.float64(94.46)]

2026-02-11 12:09:07,434 [trainer.py] => Average Accuracy (CNN): 86.72666666666665 

2026-02-11 12:09:07,439 [trainer.py] => All params: 172058253
2026-02-11 12:09:07,443 [trainer.py] => Trainable params: 172058253
2026-02-11 12:09:07,446 [sdlora.py] => Learning on 120-140
2026-02-11 12:09:08,376 [_builder.py] => Loading pretrained weights from Hugging Face hub (timm/vit_base_patch16_224.augreg2_in21k_ft_in1k)
2026-02-11 12:09:13,869 [_hub.py] => [timm/vit_base_patch16_224.augreg2_in21k_ft_in1k] Safe alternative available for 'pytorch_model.bin' (as 'model.safetensors'). Loading weights using safetensors.
2026-02-11 12:14:14,780 [sdlora.py] => Task 6, Epoch 20/20 => Loss 0.275, Train_accy 76.54
2026-02-11 12:14:15,361 [sdlora.py] => Saved task checkpoint to: ./checkpoints/ImageNetR3_CA/ckpt_task_6.pt
2026-02-11 12:14:15,641 [sdlora.py] => Computing class statistics for new classes [120, 140) (old classes [0, 120) use cached statistics) ...
2026-02-11 12:14:39,823 [sdlora.py] => Class statistics computed.
2026-02-11 12:14:39,873 [sdlora.py] => CA stage2: 5 epochs, lr=0.01, samples/cls=256, logit_norm=0.1
2026-02-11 12:14:41,813 [sdlora.py] =>   CA epoch 1/5 loss=0.0745
2026-02-11 12:14:43,603 [sdlora.py] =>   CA epoch 2/5 loss=0.0614
2026-02-11 12:14:45,449 [sdlora.py] =>   CA epoch 3/5 loss=0.0535
2026-02-11 12:14:47,242 [sdlora.py] =>   CA epoch 4/5 loss=0.0509
2026-02-11 12:14:49,040 [sdlora.py] =>   CA epoch 5/5 loss=0.0479
2026-02-11 12:14:49,045 [sdlora.py] => CA stage2 completed for task 6
2026-02-11 12:14:49,049 [sdlora.py] => Re-saved fc after CA stage2 for task 6
2026-02-11 12:14:59,549 [trainer.py] => No NME accuracy.
2026-02-11 12:14:59,549 [trainer.py] => CNN: {'total': np.float64(81.78), '00-19': np.float64(80.23), '20-39': np.float64(82.04), '40-59': np.float64(80.83), '60-79': np.float64(82.01), '80-99': np.float64(85.5), '100-119': np.float64(84.38), '120-139': np.float64(78.06), 'old': np.float64(82.3), 'new': np.float64(78.06)}
2026-02-11 12:14:59,550 [trainer.py] => CNN top1 curve: [np.float64(91.25), np.float64(88.5), np.float64(87.14), np.float64(85.53), np.float64(84.41), np.float64(83.53), np.float64(81.78)]
2026-02-11 12:14:59,550 [trainer.py] => CNN top5 curve: [np.float64(97.24), np.float64(96.73), np.float64(96.48), np.float64(95.2), np.float64(94.62), np.float64(94.46), np.float64(93.59)]

2026-02-11 12:14:59,550 [trainer.py] => Average Accuracy (CNN): 86.01999999999998 

2026-02-11 12:14:59,555 [trainer.py] => All params: 172073633
2026-02-11 12:14:59,558 [trainer.py] => Trainable params: 172073633
2026-02-11 12:14:59,562 [sdlora.py] => Learning on 140-160
2026-02-11 12:15:00,515 [_builder.py] => Loading pretrained weights from Hugging Face hub (timm/vit_base_patch16_224.augreg2_in21k_ft_in1k)
2026-02-11 12:15:02,700 [_hub.py] => [timm/vit_base_patch16_224.augreg2_in21k_ft_in1k] Safe alternative available for 'pytorch_model.bin' (as 'model.safetensors'). Loading weights using safetensors.
2026-02-11 12:20:27,926 [sdlora.py] => Task 7, Epoch 20/20 => Loss 0.227, Train_accy 84.62
2026-02-11 12:20:28,513 [sdlora.py] => Saved task checkpoint to: ./checkpoints/ImageNetR3_CA/ckpt_task_7.pt
2026-02-11 12:20:28,836 [sdlora.py] => Computing class statistics for new classes [140, 160) (old classes [0, 140) use cached statistics) ...
2026-02-11 12:20:53,985 [sdlora.py] => Class statistics computed.
2026-02-11 12:20:54,040 [sdlora.py] => CA stage2: 5 epochs, lr=0.01, samples/cls=256, logit_norm=0.1
2026-02-11 12:20:56,278 [sdlora.py] =>   CA epoch 1/5 loss=0.0638
2026-02-11 12:20:58,519 [sdlora.py] =>   CA epoch 2/5 loss=0.0546
2026-02-11 12:21:00,753 [sdlora.py] =>   CA epoch 3/5 loss=0.0493
2026-02-11 12:21:02,955 [sdlora.py] =>   CA epoch 4/5 loss=0.0460
2026-02-11 12:21:05,101 [sdlora.py] =>   CA epoch 5/5 loss=0.0454
2026-02-11 12:21:05,108 [sdlora.py] => CA stage2 completed for task 7
2026-02-11 12:21:05,113 [sdlora.py] => Re-saved fc after CA stage2 for task 7
2026-02-11 12:21:17,432 [trainer.py] => No NME accuracy.
2026-02-11 12:21:17,433 [trainer.py] => CNN: {'total': np.float64(81.53), '00-19': np.float64(78.93), '20-39': np.float64(80.03), '40-59': np.float64(80.68), '60-79': np.float64(80.51), '80-99': np.float64(83.75), '100-119': np.float64(85.31), '120-139': np.float64(76.7), '140-159': np.float64(86.9), 'old': np.float64(80.8), 'new': np.float64(86.9)}
2026-02-11 12:21:17,433 [trainer.py] => CNN top1 curve: [np.float64(91.25), np.float64(88.5), np.float64(87.14), np.float64(85.53), np.float64(84.41), np.float64(83.53), np.float64(81.78), np.float64(81.53)]
2026-02-11 12:21:17,433 [trainer.py] => CNN top5 curve: [np.float64(97.24), np.float64(96.73), np.float64(96.48), np.float64(95.2), np.float64(94.62), np.float64(94.46), np.float64(93.59), np.float64(93.53)]

2026-02-11 12:21:17,434 [trainer.py] => Average Accuracy (CNN): 85.45874999999998 

2026-02-11 12:21:17,438 [trainer.py] => All params: 172089013
2026-02-11 12:21:17,442 [trainer.py] => Trainable params: 172089013
2026-02-11 12:21:17,447 [sdlora.py] => Learning on 160-180
2026-02-11 12:21:18,278 [_builder.py] => Loading pretrained weights from Hugging Face hub (timm/vit_base_patch16_224.augreg2_in21k_ft_in1k)
2026-02-11 12:21:28,339 [_hub.py] => [timm/vit_base_patch16_224.augreg2_in21k_ft_in1k] Safe alternative available for 'pytorch_model.bin' (as 'model.safetensors'). Loading weights using safetensors.
2026-02-11 12:28:01,852 [sdlora.py] => Task 8, Epoch 20/20 => Loss 0.283, Train_accy 78.76
2026-02-11 12:28:02,450 [sdlora.py] => Saved task checkpoint to: ./checkpoints/ImageNetR3_CA/ckpt_task_8.pt
2026-02-11 12:28:02,828 [sdlora.py] => Computing class statistics for new classes [160, 180) (old classes [0, 160) use cached statistics) ...
2026-02-11 12:28:52,789 [sdlora.py] => Class statistics computed.
2026-02-11 12:28:52,841 [sdlora.py] => CA stage2: 5 epochs, lr=0.01, samples/cls=256, logit_norm=0.1
2026-02-11 12:28:57,261 [sdlora.py] =>   CA epoch 1/5 loss=0.0649
2026-02-11 12:28:59,653 [sdlora.py] =>   CA epoch 2/5 loss=0.0546
2026-02-11 12:29:02,054 [sdlora.py] =>   CA epoch 3/5 loss=0.0491
2026-02-11 12:29:04,538 [sdlora.py] =>   CA epoch 4/5 loss=0.0460
2026-02-11 12:29:07,013 [sdlora.py] =>   CA epoch 5/5 loss=0.0452
2026-02-11 12:29:07,016 [sdlora.py] => CA stage2 completed for task 8
2026-02-11 12:29:07,019 [sdlora.py] => Re-saved fc after CA stage2 for task 8
2026-02-11 12:29:21,949 [trainer.py] => No NME accuracy.
2026-02-11 12:29:21,949 [trainer.py] => CNN: {'total': np.float64(79.89), '00-19': np.float64(75.69), '20-39': np.float64(78.59), '40-59': np.float64(79.75), '60-79': np.float64(80.21), '80-99': np.float64(82.5), '100-119': np.float64(83.44), '120-139': np.float64(76.7), '140-159': np.float64(84.6), '160-179': np.float64(78.26), 'old': np.float64(80.09), 'new': np.float64(78.26)}
2026-02-11 12:29:21,950 [trainer.py] => CNN top1 curve: [np.float64(91.25), np.float64(88.5), np.float64(87.14), np.float64(85.53), np.float64(84.41), np.float64(83.53), np.float64(81.78), np.float64(81.53), np.float64(79.89)]
2026-02-11 12:29:21,950 [trainer.py] => CNN top5 curve: [np.float64(97.24), np.float64(96.73), np.float64(96.48), np.float64(95.2), np.float64(94.62), np.float64(94.46), np.float64(93.59), np.float64(93.53), np.float64(92.72)]

2026-02-11 12:29:21,950 [trainer.py] => Average Accuracy (CNN): 84.83999999999997 

2026-02-11 12:29:21,954 [trainer.py] => All params: 172104393
2026-02-11 12:29:21,957 [trainer.py] => Trainable params: 172104393
2026-02-11 12:29:21,961 [sdlora.py] => Learning on 180-200
2026-02-11 12:29:22,788 [_builder.py] => Loading pretrained weights from Hugging Face hub (timm/vit_base_patch16_224.augreg2_in21k_ft_in1k)
2026-02-11 12:29:23,322 [_hub.py] => [timm/vit_base_patch16_224.augreg2_in21k_ft_in1k] Safe alternative available for 'pytorch_model.bin' (as 'model.safetensors'). Loading weights using safetensors.
2026-02-11 12:38:24,979 [sdlora.py] => Task 9, Epoch 20/20 => Loss 0.203, Train_accy 84.49
2026-02-11 12:38:25,581 [sdlora.py] => Saved task checkpoint to: ./checkpoints/ImageNetR3_CA/ckpt_task_9.pt
2026-02-11 12:38:26,006 [sdlora.py] => Computing class statistics for new classes [180, 200) (old classes [0, 180) use cached statistics) ...
2026-02-11 12:38:53,991 [sdlora.py] => Class statistics computed.
2026-02-11 12:38:54,035 [sdlora.py] => CA stage2: 5 epochs, lr=0.01, samples/cls=256, logit_norm=0.1
2026-02-11 12:38:56,951 [sdlora.py] =>   CA epoch 1/5 loss=0.0585
2026-02-11 12:38:59,750 [sdlora.py] =>   CA epoch 2/5 loss=0.0489
2026-02-11 12:39:02,559 [sdlora.py] =>   CA epoch 3/5 loss=0.0472
2026-02-11 12:39:05,369 [sdlora.py] =>   CA epoch 4/5 loss=0.0422
2026-02-11 12:39:08,172 [sdlora.py] =>   CA epoch 5/5 loss=0.0415
2026-02-11 12:39:08,179 [sdlora.py] => CA stage2 completed for task 9
2026-02-11 12:39:08,185 [sdlora.py] => Re-saved fc after CA stage2 for task 9
2026-02-11 12:39:25,077 [trainer.py] => No NME accuracy.
2026-02-11 12:39:25,078 [trainer.py] => CNN: {'total': np.float64(80.2), '00-19': np.float64(74.55), '20-39': np.float64(78.16), '40-59': np.float64(79.13), '60-79': np.float64(79.46), '80-99': np.float64(81.75), '100-119': np.float64(82.34), '120-139': np.float64(74.95), '140-159': np.float64(85.13), '160-179': np.float64(78.76), '180-199': np.float64(87.63), 'old': np.float64(79.29), 'new': np.float64(87.63)}
2026-02-11 12:39:25,078 [trainer.py] => CNN top1 curve: [np.float64(91.25), np.float64(88.5), np.float64(87.14), np.float64(85.53), np.float64(84.41), np.float64(83.53), np.float64(81.78), np.float64(81.53), np.float64(79.89), np.float64(80.2)]
2026-02-11 12:39:25,078 [trainer.py] => CNN top5 curve: [np.float64(97.24), np.float64(96.73), np.float64(96.48), np.float64(95.2), np.float64(94.62), np.float64(94.46), np.float64(93.59), np.float64(93.53), np.float64(92.72), np.float64(92.63)]

2026-02-11 12:39:25,078 [trainer.py] => Average Accuracy (CNN): 84.37599999999999 

2026-02-11 12:39:25,079 [trainer.py] => Forgetting (CNN): 6.748888888888891
